directory: tests/test_0014_structs

command: ro "main.ro"
status: 0

command: main
status: 5
stdout: initial
stdout: ok
stdout: initial
stdout: ok
stdout: initial
stdout: ok
stdout: modified
stdout: ok
stdout: 
